// Jest Snapshot v1, https://goo.gl/fbAQLP

exports[`CityForm component renders CityForm 1`] = `
<DocumentFragment>
  <form>
    <input
      autocomplete="off"
      class="cityField"
      id="nme"
      name="name"
      required=""
      type="text"
    />
    <label
      for="nme"
    >
      <span>
        Enter a city and state
      </span>
    </label>
    <button
      class="submitButton"
    >
      submit
    </button>
  </form>
</DocumentFragment>
`;
