// Jest Snapshot v1, https://goo.gl/fbAQLP

exports[`DayItem component renders DayItem 1`] = `
<DocumentFragment>
  <div
    class="dayDiv"
    data-testid="day-div"
  >
    <h2
      class="date"
    />
    <h3>
      Current Temp: ˚
    </h3>
    <p>
      Hi: ˚
    </p>
    <p>
      Lo: ˚
    </p>
    <p>
      Description: 
    </p>
  </div>
</DocumentFragment>
`;
